[backblue.gif]
[fade.gif]
[index.html]
[up2client.com/envato/ned-smith/html/main/Version1/assets/images/home/profile-img.jpg]
[up2client.com/envato/ned-smith/html/main/Version1/assets/images/home/profile-img2.jpg]
[up2client.com/envato/ned-smith/html/main/Version1/assets/images/services/services-img1.png]
[up2client.com/envato/ned-smith/html/main/Version1/assets/images/services/services-img2.png]
[up2client.com/envato/ned-smith/html/main/Version1/assets/images/services/services-img3.png]
[up2client.com/envato/ned-smith/html/main/Version1/assets/images/services/services-img4.png]
[up2client.com/envato/ned-smith/html/main/Version1/assets/images/services/services-img5.png]
[up2client.com/envato/ned-smith/html/main/Version1/assets/images/portfolio/projectimg1.png]
[up2client.com/envato/ned-smith/html/main/Version1/assets/images/portfolio/projectimg2.png]
[up2client.com/envato/ned-smith/html/main/Version1/assets/images/portfolio/projectimg3.png]
[up2client.com/envato/ned-smith/html/main/Version1/assets/images/portfolio/projectimg4.png]
[up2client.com/envato/ned-smith/html/main/Version1/assets/images/portfolio/projectimg5.png]
[up2client.com/envato/ned-smith/html/main/Version1/assets/images/portfolio/projectimg6.png]
[up2client.com/envato/ned-smith/html/main/Version1/assets/images/testimonial/feedbackimg1.png]
[up2client.com/envato/ned-smith/html/main/Version1/assets/images/testimonial/feedbackimg2.png]
[up2client.com/envato/ned-smith/html/main/Version1/assets/images/testimonial/feedbackimg3.png]
[up2client.com/envato/ned-smith/html/main/Version1/assets/images/testimonial/feedbackimg4.png]
[up2client.com/envato/ned-smith/html/main/Version1/assets/images/testimonial/feedbackimg5.png]
[up2client.com/envato/ned-smith/html/main/Version1/assets/images/testimonial/feedbackimg6.png]
[up2client.com/envato/ned-smith/html/main/Version1/assets/images/blog/blogImg1.png]
[up2client.com/envato/ned-smith/html/main/Version1/assets/images/blog/blogImg3.png]
[up2client.com/envato/ned-smith/html/main/Version1/assets/images/blog/blogImg5.png]
[up2client.com/envato/ned-smith/html/main/Version1/assets/images/blog/blogImg2.png]
[up2client.com/envato/ned-smith/html/main/Version1/assets/images/blog/blogImg4.png]
[up2client.com/envato/ned-smith/html/main/Version1/assets/images/blog/blogImg6.png]
[up2client.com/envato/ned-smith/html/main/Version1/assets/images/portfolio/content-popUpimg.png]
[up2client.com/envato/ned-smith/html/main/Version1/assets/images/portfolio/content-popUpimg2.png]
[up2client.com/envato/ned-smith/html/main/Version1/assets/images/portfolio/content-popUpimg3.png]
[up2client.com/envato/ned-smith/html/main/Version1/assets/images/blog/blogPopUpimg.png]
[up2client.com/envato/ned-smith/html/main/Version1/assets/images/blog/blogPopUpimg2.png]
[up2client.com/envato/ned-smith/html/main/Version1/assets/images/blog/blogPopUpimg3.png]
[up2client.com/envato/ned-smith/html/main/Version1/assets/images/blog/blogPopUpimg4.png]
[up2client.com/envato/ned-smith/html/main/Version1/assets/images/blog/blogPopUpimg5.png]
[up2client.com/envato/ned-smith/html/main/Version1/index.html]
[up2client.com/envato/ned-smith/html/main/Version1/assets/images/svg/favicon.svg]
[up2client.com/envato/ned-smith/html/main/Version1/assets/css/bootstrap.min.css]
[up2client.com/envato/ned-smith/html/main/Version1/assets/css/swap.css]
[up2client.com/envato/ned-smith/html/main/Version1/assets/css/swiper.min.css]
[up2client.com/envato/ned-smith/html/main/Version1/assets/images/home/sidebar-bg.jpg]
[up2client.com/envato/ned-smith/html/main/Version1/assets/images/home/hero-img1.jpg]
[up2client.com/envato/ned-smith/html/main/Version1/assets/images/about/about-Bg.png]
[up2client.com/envato/ned-smith/html/main/Version1/assets/images/services/services-Bg.png]
[up2client.com/envato/ned-smith/html/main/Version1/assets/images/portfolio/portfolio-bg.png]
[up2client.com/envato/ned-smith/html/main/Version1/assets/images/testimonial/testimonial-bg.png]
[up2client.com/envato/ned-smith/html/main/Version1/assets/images/resume/resume-bg.png]
[up2client.com/envato/ned-smith/html/main/Version1/assets/images/pricing/pricing-bg.png]
[up2client.com/envato/ned-smith/html/main/Version1/assets/images/blog/blog-ng.png]
[up2client.com/envato/ned-smith/html/main/Version1/assets/images/contact/contact-bg.png]
[up2client.com/envato/ned-smith/html/main/Version1/assets/css/style.css]
[up2client.com/envato/ned-smith/html/main/Version1/assets/css/media-query.css]
[up2client.com/envato/ned-smith/html/main/Version1/assets/images/svg/home.svg]
[up2client.com/envato/ned-smith/html/main/Version1/assets/images/svg/about.svg]
[up2client.com/envato/ned-smith/html/main/Version1/assets/images/svg/services.svg]
[up2client.com/envato/ned-smith/html/main/Version1/assets/images/svg/porfolio.svg]
[up2client.com/envato/ned-smith/html/main/Version1/assets/images/svg/testimonial.svg]
[up2client.com/envato/ned-smith/html/main/Version1/assets/images/svg/resume.svg]
[up2client.com/envato/ned-smith/html/main/Version1/assets/images/svg/pricing.svg]
[up2client.com/envato/ned-smith/html/main/Version1/assets/images/svg/blog.svg]
[up2client.com/envato/ned-smith/html/main/Version1/assets/images/svg/contact.svg]
[up2client.com/envato/ned-smith/html/main/Version1/assets/images/svg/fb.svg]
[up2client.com/envato/ned-smith/html/main/Version1/assets/images/svg/insta.svg]
[up2client.com/envato/ned-smith/html/main/Version1/assets/images/svg/twitter.svg]
[up2client.com/envato/ned-smith/html/main/Version1/assets/images/svg/behance.svg]
[up2client.com/envato/ned-smith/html/main/Version1/assets/images/svg/dribbale.svg]
[up2client.com/envato/ned-smith/html/main/Version1/assets/images/svg/linekdin.svg]
[up2client.com/envato/ned-smith/html/main/Version1/assets/images/svg/sun.svg]
[up2client.com/envato/ned-smith/html/main/Version1/assets/images/svg/moon.svg]
[up2client.com/envato/ned-smith/html/main/Version1/assets/images/svg/button-arrow.svg]
[up2client.com/envato/ned-smith/html/main/Version1/assets/images/svg/content-svg.svg]
[up2client.com/envato/ned-smith/html/main/Version1/assets/images/svg/gallery-svg.svg]
[up2client.com/envato/ned-smith/html/main/Version1/assets/images/svg/youtube-svg.svg]
[up2client.com/envato/ned-smith/html/main/Version1/assets/images/svg/htmlvideo-svg.svg]
[up2client.com/envato/ned-smith/html/main/Version1/assets/images/svg/sound-cloud.svg]
[up2client.com/envato/ned-smith/html/main/Version1/assets/images/svg/slider-svg.svg]
[up2client.com/envato/ned-smith/html/main/Version1/assets/images/svg/ratingStar.svg]
[up2client.com/envato/ned-smith/html/main/Version1/assets/images/svg/cottSvg.svg]
[up2client.com/envato/ned-smith/html/main/Version1/assets/images/svg/button-arrow2.svg]
[up2client.com/envato/ned-smith/html/main/Version1/assets/images/svg/basic-plan.svg]
[up2client.com/envato/ned-smith/html/main/Version1/assets/images/svg/gold-plan.svg]
[up2client.com/envato/ned-smith/html/main/Version1/assets/images/svg/strand-plan.svg]
[up2client.com/envato/ned-smith/html/main/Version1/assets/images/svg/email.svg]
[up2client.com/envato/ned-smith/html/main/Version1/assets/images/svg/phone.svg]
[up2client.com/envato/ned-smith/html/main/Version1/assets/javascript/jquery.js]
[up2client.com/envato/ned-smith/html/main/Version1/assets/javascript/swiper.min.js]
[up2client.com/envato/ned-smith/html/main/Version1/assets/javascript/bootstrap.min.js]
[up2client.com/envato/ned-smith/html/main/Version1/assets/javascript/gsap.js]
[up2client.com/envato/ned-smith/html/main/Version1/assets/javascript/typing.js]
[up2client.com/envato/ned-smith/html/main/Version1/assets/javascript/smooth-scroll.js]
[up2client.com/envato/ned-smith/html/main/Version1/assets/javascript/script.js]
[up2client.com/envato/ned-smith/html/main/Version1/assets/images/svg/x.svg]
[up2client.com/envato/ned-smith/html/main/Version1/assets/images/svg/checkSvg.svg]
[up2client.com/envato/ned-smith/html/main/Version1/assets/images/svg/checkSvg2.svg]
[up2client.com/envato/ned-smith/html/main/Version1/assets/images/svg/arrow-down.svg]
[up2client.com/envato/ned-smith/html/main/Version1/assets/images/svg/arrow-down-white.svg]
[up2client.com/envato/ned-smith/html/main/Version1/Version/index.html]
[up2client.com/envato/ned-smith/html/main/Version1/e.html]
[up2client.com/envato/ned-smith/html/main/Version1/e.params.url.html]
